Microchip MPLAB XC8 Compiler V2.32

Linker command line:

-W-3 \
  --edf=C:\Users\Renato Marquez Cunha\Desktop\Unifei\Sims\compilerMblab\pic\dat\en_msgs.txt \
  -cn -h+dist/default/production\ProjetoFinal.X.production.sym \
  --cmf=dist/default/production\ProjetoFinal.X.production.cmf -z -Q18F4520 \
  -oC:\Users\RENATO~1\AppData\Local\Temp\xcAsg40.4 --defsym=__MPLAB_BUILD=1 \
  -Mdist/default/production/ProjetoFinal.X.production.map -E1 \
  -ver=XC8 Compiler --acfsm=1493 -ASTACK=080h-05FFh -pstack=STACK \
  -ACODE=00h-07FFFh -ACONST=00h-07FFFh -ASMALLCONST=0600h-06FFhx122 \
  -AMEDIUMCONST=0600h-07FFFh -ACOMRAM=01h-07Fh -AABS1=00h-05FFh \
  -ABIGRAM=01h-05FFh -ARAM=080h-0FFh,0100h-01FFhx5 -ABANK0=080h-0FFh \
  -ABANK1=0100h-01FFh -ABANK2=0200h-02FFh -ABANK3=0300h-03FFh \
  -ABANK4=0400h-04FFh -ABANK5=0500h-05FFh -ASFR=0F80h-0FFFh \
  -ACONFIG=0300000h-030000Dh -AIDLOC=0200000h-0200007h \
  -AEEDATA=0F00000h-0F000FFh -peeprom_data=EEDATA \
  -preset_vec=00h,intcode,intcodelo,powerup,init -pramtop=0600h \
  -psmallconst=SMALLCONST -pmediumconst=MEDIUMCONST -pconst=CONST \
  -AFARRAM=00h-00h \
  -prdata=COMRAM,nvrram=COMRAM,nvbit=COMRAM,rbss=COMRAM,rbit=COMRAM \
  -pfarbss=FARRAM,fardata=FARRAM,nvFARRAM=FARRAM \
  -pintsave_regs=BIGRAM,bigbss=BIGRAM,bigdata=BIGRAM -pbss=RAM \
  -pidata=CODE,irdata=CODE,ibigdata=CODE,ifardata=CODE -prparam=COMRAM \
  C:\Users\RENATO~1\AppData\Local\Temp\xcAsg40.o \
  dist/default/production\ProjetoFinal.X.production.o 

Object code version is 3.11

Machine type is 18F4520



                Name                               Link     Load   Length Selector   Space Scale
C:\Users\RENATO~1\AppData\Local\Temp\xcAsg40.o
                idloc                            200000   200000        8        0       5
                config                           300000   300000        E        0       4
                init                                  0        0        4        0       0
dist/default/production\ProjetoFinal.X.production.o
                idloc                            200000   200000        8        0       5
                config                           300000   300000        E        0       4
                smallconst                          600      600       1C      300       0
                text34                              AE0      AE0      24E      30E       0
                text33                             1A86     1A86       48      30E       0
                text32                             128E     128E      16A      30E       0
                text31                              892      892      24E      30E       0
                text30                             1CC4     1CC4       2A      30E       0
                text29                             1C9A     1C9A       2A      30E       0
                text28                             1A38     1A38       4E      30E       0
                text27                             13F8     13F8      136      30E       0
                text26                             1806     1806       78      30E       0
                text25                             1C6A     1C6A       30      30E       0
                text24                             1D8A     1D8A        2      30E       0
                text23                             1ACE     1ACE       42      30E       0
                text22                             18E0     18E0       5A      30E       0
                text21                             1D54     1D54       1E      30E       0
                text20                             1BC8     1BC8       3A      30E       0
                text19                             1D36     1D36       1E      30E       0
                text18                             1B10     1B10       40      30E       0
                text17                             1756     1756       B0      30E       0
                text16                              61C      61C      276      30E       0
                text15                             1B50     1B50       3E      30E       0
                text14                             1C38     1C38       32      30E       0
                text13                             1CEE     1CEE       26      30E       0
                text12                             15F2     15F2       B4      30E       0
                text11                             152E     152E       C4      30E       0
                text10                             16A6     16A6       B0      30E       0
                text9                              19E8     19E8       50      30E       0
                text8                              193A     193A       58      30E       0
                text7                              1122     1122      16C      30E       0
                text6                              1D14     1D14       22      30E       0
                text5                              1D72     1D72       10      30E       0
                text4                               F4E      F4E      1D4      30E       0
                text3                               D2E      D2E      220      30E       0
                text2                              1992     1992       56      30E       0
                text1                              1D82     1D82        8      30E       0
                text0                              187E     187E       62      30E       0
                cstackCOMRAM                         3B       3B       1B        1       1
                dataCOMRAM                            1        1       3A        1       1
                bssCOMRAM                            56       56        F        1       1
                cinit                              1C02     1C02       36      30E       0
                idataCOMRAM                        1B8E     1B8E       3A      30E       0

TOTAL           Name                               Link     Load   Length     Space
        CLASS   STACK          

        CLASS   CODE           
                init                                  0        0        4         0
                text34                              AE0      AE0      24E         0
                text33                             1A86     1A86       48         0
                text32                             128E     128E      16A         0
                text31                              892      892      24E         0
                text30                             1CC4     1CC4       2A         0
                text29                             1C9A     1C9A       2A         0
                text28                             1A38     1A38       4E         0
                text27                             13F8     13F8      136         0
                text26                             1806     1806       78         0
                text25                             1C6A     1C6A       30         0
                text24                             1D8A     1D8A        2         0
                text23                             1ACE     1ACE       42         0
                text22                             18E0     18E0       5A         0
                text21                             1D54     1D54       1E         0
                text20                             1BC8     1BC8       3A         0
                text19                             1D36     1D36       1E         0
                text18                             1B10     1B10       40         0
                text17                             1756     1756       B0         0
                text16                              61C      61C      276         0
                text15                             1B50     1B50       3E         0
                text14                             1C38     1C38       32         0
                text13                             1CEE     1CEE       26         0
                text12                             15F2     15F2       B4         0
                text11                             152E     152E       C4         0
                text10                             16A6     16A6       B0         0
                text9                              19E8     19E8       50         0
                text8                              193A     193A       58         0
                text7                              1122     1122      16C         0
                text6                              1D14     1D14       22         0
                text5                              1D72     1D72       10         0
                text4                               F4E      F4E      1D4         0
                text3                               D2E      D2E      220         0
                text2                              1992     1992       56         0
                text1                              1D82     1D82        8         0
                text0                              187E     187E       62         0
                cinit                              1C02     1C02       36         0
                idataCOMRAM                        1B8E     1B8E       3A         0

        CLASS   CONST          

        CLASS   SMALLCONST     
                smallconst                          600      600       1C         0

        CLASS   MEDIUMCONST    

        CLASS   COMRAM         
                cstackCOMRAM                         3B       3B       1B         1
                dataCOMRAM                            1        1       3A         1
                bssCOMRAM                            56       56        F         1

        CLASS   ABS1           

        CLASS   BIGRAM         

        CLASS   RAM            

        CLASS   BANK0          

        CLASS   BANK1          

        CLASS   BANK2          

        CLASS   BANK3          

        CLASS   BANK4          

        CLASS   BANK5          

        CLASS   SFR            

        CLASS   CONFIG         
                config                           300000   300000        E         4

        CLASS   IDLOC          
                idloc                            200000   200000        8         5

        CLASS   EEDATA         

        CLASS   FARRAM         



SEGMENTS        Name                           Load    Length   Top    Selector   Space  Class

                reset_vec                      000000  000004  000004         0       0  CODE    
                dataCOMRAM                     000001  000064  000065         1       1  COMRAM  
                smallconst                     000600  00001C  00061C       300       0  SMALLCON
                text16                         00061C  001770  001D8C       30E       0  CODE    


UNUSED ADDRESS RANGES

        Name                Unused          Largest block    Delta
        BANK0            000080-0000FF               80
        BANK1            000100-0001FF              100
        BANK2            000200-0002FF              100
        BANK3            000300-0003FF              100
        BANK4            000400-0004FF              100
        BANK5            000500-0005FF              100
        BIGRAM           000065-0005FF              59B
        CODE             000004-0005FF              5FC
                         001D8C-007FFF             6274
        COMRAM           000065-00007F               1B
        CONST            000004-0005FF              5FC
                         001D8C-007FFF             6274
        EEDATA           F00000-F000FF              100
        MEDIUMCONST      001D8C-007FFF             6274
        RAM              000080-0005FF              100
        SFR              000F80-000FFF               80
        SMALLCONST       001D8C-007FFF              100
        STACK            000080-0005FF              580

                                  Symbol Table

?___awdiv                cstackCOMRAM 00003B
?___awmod                cstackCOMRAM 000043
?_adcRead                cstackCOMRAM 00003B
?_digitalRead            cstackCOMRAM 00003B
_ADCON0                  (abs)        000FC2
_ADCON1                  (abs)        000FC1
_ADCON2                  (abs)        000FC0
_ADRESH                  (abs)        000FC4
_ADRESL                  (abs)        000FC3
_INTCON                  (abs)        000FF2
_PORTA                   (abs)        000F80
_PORTB                   (abs)        000F81
_PORTC                   (abs)        000F82
_PORTD                   (abs)        000F83
_PORTE                   (abs)        000F84
_PulseClockData          text30       001CC4
_PulseEnClock            text29       001C9A
_T0CON                   (abs)        000FD5
_TMR0H                   (abs)        000FD7
_TMR0L                   (abs)        000FD6
_TRISA                   (abs)        000F92
_TRISB                   (abs)        000F93
_TRISC                   (abs)        000F94
_TRISD                   (abs)        000F95
_TRISE                   (abs)        000F96
__HRAM                   (abs)        000000
__Habs1                  abs1         000000
__Hbank0                 bank0        000000
__Hbank1                 bank1        000000
__Hbank2                 bank2        000000
__Hbank3                 bank3        000000
__Hbank4                 bank4        000000
__Hbank5                 bank5        000000
__Hbigbss                bigbss       000000
__Hbigdata               bigdata      000000
__Hbigram                bigram       000000
__Hbss                   bss          000000
__HbssCOMRAM             bssCOMRAM    000000
__Hcinit                 cinit        000000
__Hclrtext               clrtext      000000
__Hcomram                comram       000000
__Hconfig                config       30000E
__Hconst                 const        000000
__HcstackCOMRAM          cstackCOMRAM 000000
__Hdata                  data         000000
__HdataCOMRAM            dataCOMRAM   000000
__Heeprom_data           eeprom_data  000000
__Hfarbss                farbss       000000
__Hfardata               fardata      000000
__Hibigdata              ibigdata     000000
__Hidata                 idata        000000
__HidataCOMRAM           idataCOMRAM  000000
__Hidloc                 idloc        200008
__Hifardata              ifardata     000000
__Hinit                  init         000004
__Hintcode               intcode      000000
__Hintcode_body          intcode_body 000000
__Hintcodelo             intcodelo    000000
__Hintentry              intentry     000000
__Hintret                intret       000000
__Hintsave_regs          intsave_regs 000000
__Hirdata                irdata       000000
__Hmediumconst           mediumconst  000000
__HnvFARRAM              nvFARRAM     000000
__Hnvbit                 nvbit        000000
__Hnvrram                nvrram       000000
__Hparam                 rparam       000000
__Hpowerup               powerup      000000
__Hram                   ram          000000
__Hramtop                ramtop       000600
__Hrbit                  rbit         000000
__Hrbss                  rbss         000000
__Hrdata                 rdata        000000
__Hreset_vec             reset_vec    000000
__Hrparam                rparam       000000
__Hsfr                   sfr          000000
__Hsmallconst            smallconst   00061C
__Hspace_0               (abs)        001D8C
__Hspace_1               (abs)        000065
__Hspace_2               (abs)        000000
__Hspace_4               (abs)        60000E
__Hstack                 stack        000000
__Hstruct                struct       000000
__Htemp                  temp         000000
__Htext                  text         000000
__Htext0                 text0        000000
__Htext1                 text1        000000
__Htext10                text10       000000
__Htext11                text11       000000
__Htext12                text12       000000
__Htext13                text13       000000
__Htext14                text14       000000
__Htext15                text15       000000
__Htext16                text16       000000
__Htext17                text17       000000
__Htext18                text18       000000
__Htext19                text19       000000
__Htext2                 text2        000000
__Htext20                text20       000000
__Htext21                text21       000000
__Htext22                text22       000000
__Htext23                text23       000000
__Htext24                text24       000000
__Htext25                text25       000000
__Htext26                text26       000000
__Htext27                text27       000000
__Htext28                text28       000000
__Htext29                text29       000000
__Htext3                 text3        000000
__Htext30                text30       000000
__Htext31                text31       000000
__Htext32                text32       000000
__Htext33                text33       000000
__Htext34                text34       000000
__Htext4                 text4        000000
__Htext5                 text5        000000
__Htext6                 text6        000000
__Htext7                 text7        000000
__Htext8                 text8        000000
__Htext9                 text9        000000
__LRAM                   (abs)        000001
__Labs1                  abs1         000000
__Lbank0                 bank0        000000
__Lbank1                 bank1        000000
__Lbank2                 bank2        000000
__Lbank3                 bank3        000000
__Lbank4                 bank4        000000
__Lbank5                 bank5        000000
__Lbigbss                bigbss       000000
__Lbigdata               bigdata      000000
__Lbigram                bigram       000000
__Lbss                   bss          000000
__LbssCOMRAM             bssCOMRAM    000000
__Lcinit                 cinit        000000
__Lclrtext               clrtext      000000
__Lcomram                comram       000000
__Lconfig                config       000000
__Lconst                 const        000000
__LcstackCOMRAM          cstackCOMRAM 000000
__Ldata                  data         000000
__LdataCOMRAM            dataCOMRAM   000000
__Leeprom_data           eeprom_data  000000
__Lfarbss                farbss       000000
__Lfardata               fardata      000000
__Libigdata              ibigdata     000000
__Lidata                 idata        000000
__LidataCOMRAM           idataCOMRAM  000000
__Lidloc                 idloc        000000
__Lifardata              ifardata     000000
__Linit                  init         000000
__Lintcode               intcode      000000
__Lintcode_body          intcode_body 000000
__Lintcodelo             intcodelo    000000
__Lintentry              intentry     000000
__Lintret                intret       000000
__Lintsave_regs          intsave_regs 000000
__Lirdata                irdata       000000
__Lmediumconst           mediumconst  000000
__LnvFARRAM              nvFARRAM     000000
__Lnvbit                 nvbit        000000
__Lnvrram                nvrram       000000
__Lparam                 rparam       000000
__Lpowerup               powerup      000000
__Lram                   ram          000000
__Lramtop                ramtop       000600
__Lrbit                  rbit         000000
__Lrbss                  rbss         000000
__Lrdata                 rdata        000000
__Lreset_vec             reset_vec    000000
__Lrparam                rparam       000000
__Lsfr                   sfr          000000
__Lsmallconst            smallconst   000600
__Lspace_0               (abs)        000000
__Lspace_1               (abs)        000000
__Lspace_2               (abs)        000000
__Lspace_4               (abs)        000000
__Lstack                 stack        000000
__Lstruct                struct       000000
__Ltemp                  temp         000000
__Ltext                  text         000000
__Ltext0                 text0        000000
__Ltext1                 text1        000000
__Ltext10                text10       000000
__Ltext11                text11       000000
__Ltext12                text12       000000
__Ltext13                text13       000000
__Ltext14                text14       000000
__Ltext15                text15       000000
__Ltext16                text16       000000
__Ltext17                text17       000000
__Ltext18                text18       000000
__Ltext19                text19       000000
__Ltext2                 text2        000000
__Ltext20                text20       000000
__Ltext21                text21       000000
__Ltext22                text22       000000
__Ltext23                text23       000000
__Ltext24                text24       000000
__Ltext25                text25       000000
__Ltext26                text26       000000
__Ltext27                text27       000000
__Ltext28                text28       000000
__Ltext29                text29       000000
__Ltext3                 text3        000000
__Ltext30                text30       000000
__Ltext31                text31       000000
__Ltext32                text32       000000
__Ltext33                text33       000000
__Ltext34                text34       000000
__Ltext4                 text4        000000
__Ltext5                 text5        000000
__Ltext6                 text6        000000
__Ltext7                 text7        000000
__Ltext8                 text8        000000
__Ltext9                 text9        000000
__S0                     (abs)        001D8C
__S1                     (abs)        000065
__S2                     (abs)        000000
__S4                     (abs)        000000
__S5                     (abs)        000000
___awdiv                 text11       00152E
___awdiv@counter         cstackCOMRAM 00003F
___awdiv@dividend        cstackCOMRAM 00003B
___awdiv@divisor         cstackCOMRAM 00003D
___awdiv@quotient        cstackCOMRAM 000041
___awdiv@sign            cstackCOMRAM 000040
___awmod                 text10       0016A6
___awmod@counter         cstackCOMRAM 000047
___awmod@dividend        cstackCOMRAM 000043
___awmod@divisor         cstackCOMRAM 000045
___awmod@sign            cstackCOMRAM 000048
___inthi_sp              stack        000000
___intlo_sp              stack        000000
___param_bank            (abs)        000000
___rparam_used           (abs)        000001
___sp                    stack        000000
__accesstop              (abs)        000080
__activetblptr           (abs)        000002
__end_of_PulseClockData  text30       001CEE
__end_of_PulseEnClock    text29       001CC4
__end_of___awdiv         text11       0015F2
__end_of___awmod         text10       001756
__end_of__initialization cinit        001C2E
__end_of_adcInit         text33       001ACE
__end_of_adcRead         text9        001A38
__end_of_charKey         smallconst   00061B
__end_of_delayMicro      text24       001D8C
__end_of_delayMili       text25       001C9A
__end_of_digitalRead     text32       0013F8
__end_of_digitalWrite    text31       000AE0
__end_of_escolheFunc     text16       000892
__end_of_kpDebounce      text27       00152E
__end_of_kpInit          text14       001C6A
__end_of_kpReadKey       text26       00187E
__end_of_lcdChar         text19       001D54
__end_of_lcdCommand      text21       001D72
__end_of_lcdInit         text12       0016A6
__end_of_lcdPosition     text20       001C02
__end_of_lcdString       text18       001B50
__end_of_main            text0        0018E0
__end_of_mudaPot         text4        001122
__end_of_pinMode         text34       000D2E
__end_of_pulseEnablePin  text23       001B10
__end_of_pushByte        text22       00193A
__end_of_pushNibble      text13       001D14
__end_of_rgbColor        text17       001806
__end_of_segMenu         text3        000F4E
__end_of_soInit          text15       001B8E
__end_of_soWrite         text28       001A86
__end_of_ssdDigit        text8        001992
__end_of_ssdInit         text2        0019E8
__end_of_ssdUpdate       text7        00128E
__end_of_timerInit       text1        001D8A
__end_of_timerReset      text6        001D36
__end_of_timerWait       text5        001D82
__end_of_valor           smallconst   000611
__initialization         cinit        001C02
__mediumconst            mediumconst  000000
__pbssCOMRAM             bssCOMRAM    000056
__pcinit                 cinit        001C02
__pcstackCOMRAM          cstackCOMRAM 00003B
__pdataCOMRAM            dataCOMRAM   000001
__pidataCOMRAM           idataCOMRAM  001B8E
__psmallconst            smallconst   000600
__ptext0                 text0        00187E
__ptext1                 text1        001D82
__ptext10                text10       0016A6
__ptext11                text11       00152E
__ptext12                text12       0015F2
__ptext13                text13       001CEE
__ptext14                text14       001C38
__ptext15                text15       001B50
__ptext16                text16       00061C
__ptext17                text17       001756
__ptext18                text18       001B10
__ptext19                text19       001D36
__ptext2                 text2        001992
__ptext20                text20       001BC8
__ptext21                text21       001D54
__ptext22                text22       0018E0
__ptext23                text23       001ACE
__ptext24                text24       001D8A
__ptext25                text25       001C6A
__ptext26                text26       001806
__ptext27                text27       0013F8
__ptext28                text28       001A38
__ptext29                text29       001C9A
__ptext3                 text3        000D2E
__ptext30                text30       001CC4
__ptext31                text31       000892
__ptext32                text32       00128E
__ptext33                text33       001A86
__ptext34                text34       000AE0
__ptext4                 text4        000F4E
__ptext5                 text5        001D72
__ptext6                 text6        001D14
__ptext7                 text7        001122
__ptext8                 text8        00193A
__ptext9                 text9        0019E8
__ramtop                 ramtop       000600
__size_of_PulseClockData (abs)        000000
__size_of_PulseEnClock   (abs)        000000
__size_of___awdiv        (abs)        000000
__size_of___awmod        (abs)        000000
__size_of_adcInit        (abs)        000000
__size_of_adcRead        (abs)        000000
__size_of_delayMicro     (abs)        000000
__size_of_delayMili      (abs)        000000
__size_of_digitalRead    (abs)        000000
__size_of_digitalWrite   (abs)        000000
__size_of_escolheFunc    (abs)        000000
__size_of_kpDebounce     (abs)        000000
__size_of_kpInit         (abs)        000000
__size_of_kpReadKey      (abs)        000000
__size_of_lcdChar        (abs)        000000
__size_of_lcdCommand     (abs)        000000
__size_of_lcdInit        (abs)        000000
__size_of_lcdPosition    (abs)        000000
__size_of_lcdString      (abs)        000000
__size_of_main           (abs)        000000
__size_of_mudaPot        (abs)        000000
__size_of_pinMode        (abs)        000000
__size_of_pulseEnablePin (abs)        000000
__size_of_pushByte       (abs)        000000
__size_of_pushNibble     (abs)        000000
__size_of_rgbColor       (abs)        000000
__size_of_segMenu        (abs)        000000
__size_of_soInit         (abs)        000000
__size_of_soWrite        (abs)        000000
__size_of_ssdDigit       (abs)        000000
__size_of_ssdInit        (abs)        000000
__size_of_ssdUpdate      (abs)        000000
__size_of_timerInit      (abs)        000000
__size_of_timerReset     (abs)        000000
__size_of_timerWait      (abs)        000000
__smallconst             smallconst   000600
_adcInit                 text33       001A86
_adcRead                 text9        0019E8
_charKey                 smallconst   000611
_delayMicro              text24       001D8A
_delayMili               text25       001C6A
_digitalRead             text32       00128E
_digitalWrite            text31       000892
_display                 bssCOMRAM    000062
_escolheFunc             text16       00061C
_funcaoAndamento         dataCOMRAM   000001
_keys                    bssCOMRAM    00005A
_kpDebounce              text27       0013F8
_kpInit                  text14       001C38
_kpReadKey               text26       001806
_lcdChar                 text19       001D36
_lcdCommand              text21       001D54
_lcdInit                 text12       0015F2
_lcdPosition             text20       001BC8
_lcdString               text18       001B10
_main                    text0        00187E
_mudaPot                 text4        000F4E
_op                      dataCOMRAM   000003
_pinMode                 text34       000AE0
_potencia                bssCOMRAM    00005C
_pulseEnablePin          text23       001ACE
_pushByte                text22       0018E0
_pushNibble              text13       001CEE
_rgbColor                text17       001756
_segMenu                 text3        000D2E
_selecionado             bssCOMRAM    000064
_soInit                  text15       001B50
_soWrite                 text28       001A38
_ssdDigit                text8        00193A
_ssdInit                 text2        001992
_ssdUpdate               text7        001122
_timerInit               text1        001D82
_timerReset              text6        001D14
_timerWait               text5        001D72
_v0                      bssCOMRAM    000061
_v1                      bssCOMRAM    000060
_v2                      bssCOMRAM    00005F
_v3                      bssCOMRAM    00005E
_valor                   smallconst   000601
adcRead@ADvalor          cstackCOMRAM 00003D
adcRead@channel          cstackCOMRAM 00003B
delayMicro@a             cstackCOMRAM 00003B
delayMili@a              cstackCOMRAM 00003B
delayMili@i              cstackCOMRAM 00003E
digitalRead@pin          cstackCOMRAM 00003B
digitalWrite@pin         cstackCOMRAM 00003B
digitalWrite@value       cstackCOMRAM 00003D
end_of_initialization    cinit        001C2E
escolheFunc@caso         cstackCOMRAM 000050
escolheFunc@hori         cstackCOMRAM 000052
escolheFunc@i            cstackCOMRAM 000053
escolheFunc@tecla        cstackCOMRAM 000051
escolheFunc@vert         cstackCOMRAM 00004F
intlevel0                text         000000
intlevel1                text         000000
intlevel2                text         000000
intlevel3                text         000000
isa$std                  (abs)        000001
isa$xinst                (abs)        000000
kpDebounce@i             cstackCOMRAM 000047
kpDebounce@newRead       bssCOMRAM    000058
kpDebounce@oldRead       bssCOMRAM    000056
kpDebounce@tempo         bssCOMRAM    000063
kpReadKey@i              cstackCOMRAM 00003E
lcdChar@value            cstackCOMRAM 000048
lcdCommand@value         cstackCOMRAM 000048
lcdPosition@col          cstackCOMRAM 00004B
lcdPosition@line         cstackCOMRAM 000049
lcdString@i              cstackCOMRAM 00004B
lcdString@msg            cstackCOMRAM 000049
mudaPot@caso             cstackCOMRAM 00004F
mudaPot@tecla            cstackCOMRAM 000050
pinMode@pin              cstackCOMRAM 00003B
pinMode@type             cstackCOMRAM 00003D
pushByte@rs              cstackCOMRAM 000044
pushByte@value           cstackCOMRAM 000047
pushNibble@rs            cstackCOMRAM 000044
pushNibble@value         cstackCOMRAM 000046
rgbColor@led             cstackCOMRAM 000041
segMenu@caso             cstackCOMRAM 000050
segMenu@hori             cstackCOMRAM 00004F
segMenu@tecla            cstackCOMRAM 000051
soWrite@i                cstackCOMRAM 000043
soWrite@value            cstackCOMRAM 000041
ssdDigit@pos             cstackCOMRAM 000049
ssdDigit@val             cstackCOMRAM 00004A
stackhi                  (abs)        0005FF
stacklo                  (abs)        000080
start                    init         000000
start_initialization     cinit        001C02
timerReset@ciclos        cstackCOMRAM 00003D
timerReset@tempo         cstackCOMRAM 00003B


MODULE INFORMATION

Module		Function		Class		Link	Load	Size
ssd.c
		_ssdInit       		CODE           	1992	0000	86
		_ssdDigit      		CODE           	193A	0000	88
		_ssdUpdate     		CODE           	1122	0000	364

ssd.c estimated size: 538

C:\Users\Renato Marquez Cunha\Desktop\Unifei\Sims\compilerMblab\pic\sources\c99\common\awdiv.c
		___awdiv       		CODE           	152E	0000	196

C:\Users\Renato Marquez Cunha\Desktop\Unifei\Sims\compilerMblab\pic\sources\c99\common\awdiv.c estimated size: 196

keypad.c
		_kpInit        		CODE           	1C38	0000	50
		_kpReadKey     		CODE           	1806	0000	120
		_kpDebounce    		CODE           	13F8	0000	310

keypad.c estimated size: 480

so.c
		_soInit        		CODE           	1B50	0000	62
		_soWrite       		CODE           	1A38	0000	78
		_PulseEnClock  		CODE           	1C9A	0000	42
		_PulseClockData		CODE           	1CC4	0000	42

so.c estimated size: 224

io.c
		_digitalRead   		CODE           	128E	0000	362
		_digitalWrite  		CODE           	0892	0000	590
		_pinMode       		CODE           	0AE0	0000	590

io.c estimated size: 1542

timer.c
		_timerWait     		CODE           	1D72	0000	16
		_timerReset    		CODE           	1D14	0000	34
		_timerInit     		CODE           	1D82	0000	8

timer.c estimated size: 58

adc.c
		_adcRead       		CODE           	19E8	0000	80
		_adcInit       		CODE           	1A86	0000	72

adc.c estimated size: 152

rgb.c
		_rgbColor      		CODE           	1756	0000	176

rgb.c estimated size: 176

shared
		_valor         		SMALLCONST     	0601	0000	16
		_charKey       		SMALLCONST     	0611	0000	10
		__initialization		CODE           	1C02	0000	44

shared estimated size: 70

C:\Users\Renato Marquez Cunha\Desktop\Unifei\Sims\compilerMblab\pic\sources\c99\common\awmod.c
		___awmod       		CODE           	16A6	0000	176

C:\Users\Renato Marquez Cunha\Desktop\Unifei\Sims\compilerMblab\pic\sources\c99\common\awmod.c estimated size: 176

lcd.c
		_lcdCommand    		CODE           	1D54	0000	30
		_lcdChar       		CODE           	1D36	0000	30
		_lcdString     		CODE           	1B10	0000	64
		_pulseEnablePin		CODE           	1ACE	0000	66
		_pushByte      		CODE           	18E0	0000	90
		_lcdPosition   		CODE           	1BC8	0000	58
		_pushNibble    		CODE           	1CEE	0000	38
		_lcdInit       		CODE           	15F2	0000	180
		_delayMili     		CODE           	1C6A	0000	48
		_delayMicro    		CODE           	1D8A	0000	2

lcd.c estimated size: 606

main.c
		_mudaPot       		CODE           	0F4E	0000	468
		_segMenu       		CODE           	0D2E	0000	544
		_escolheFunc   		CODE           	061C	0000	630
		_main          		CODE           	187E	0000	98

main.c estimated size: 1740

